> Task :app:preBuild UP-TO-DATE
> Task :app:preDebugBuild UP-TO-DATE
> Task :app:checkDebugAarMetadata UP-TO-DATE
> Task :app:generateDebugResValues UP-TO-DATE
> Task :app:mapDebugSourceSetPaths UP-TO-DATE
> Task :app:generateDebugResources UP-TO-DATE
> Task :app:mergeDebugResources UP-TO-DATE
> Task :app:packageDebugResources UP-TO-DATE
> Task :app:parseDebugLocalResources UP-TO-DATE
> Task :app:createDebugCompatibleScreenManifests UP-TO-DATE
> Task :app:extractDeepLinksDebug UP-TO-DATE
> Task :app:processDebugMainManifest UP-TO-DATE
> Task :app:processDebugManifest UP-TO-DATE
> Task :app:processDebugManifestForPackage UP-TO-DATE
> Task :app:processDebugResources FAILED
.\gradlew.bat : 
At line:1 char:1
+ .\gradlew.bat 
app:processDebugResources > 
build_output.txt 2>&1
+ ~~~~~~~~~~~~~~~~~~~~~~~~~~~
~~~~~~~~~~~~~~~~~~~~~~~~~~~~~
~~~~~~~
    + CategoryInfo           
   : NotSpecifi    ed: 
(:String) [],     
RemoteException
    + FullyQualifiedEr    
rorId : NativeComm    
andError
 
FAILURE: Build failed with 
an exception.

* What went wrong:
Execution failed for task 
':app:processDebugResources'.
> A failure occurred while 
executing com.android.build.g
radle.internal.res.LinkApplic
ationAndroidResourcesTask$Tas
kAction
   > Android resource 
linking failed
     ERROR: D:\Projects\AutoC
licker\app\src\main\AndroidMa
nifest.xml:9:5-49:19: AAPT: 
error: resource 
mipmap/ic_launcher (aka com.e
xample.autoclicker:mipmap/ic_
launcher) not found.
         
     ERROR: D:\Projects\AutoC
licker\app\src\main\AndroidMa
nifest.xml:9:5-49:19: AAPT: 
error: resource 
mipmap/ic_launcher_round 
(aka com.example.autoclicker:
mipmap/ic_launcher_round) 
not found.
         

* Try:
> Run with --stacktrace 
option to get the stack 
trace.
> Run with --info or --debug 
option to get more log 
output.
> Run with --scan to get 
full insights.
> Get more help at 
https://help.gradle.org.

BUILD FAILED in 2s
12 actionable tasks: 1 executed, 11 up-to-date
